{
    "App name": "Foot Locker: Sneakers, clothes",
    "App category": [
        "Shopping"
    ],
    "URL": "https://play.google.com/store/apps/details?id=com.footlocker.approved&hl=en_US",
    "App ID": "com.footlocker.approved",
    "Average rating": "3.0",
    "Total reviews": "599000",
    "Contains ads": false,
    "In-app purchases": false,
    "Downloads": "5000000+",
    "Price": "$0.00",
    "This app may share these data types with third parties": "Location, Personal info and 5 others",
    "This app may collect these data types": "Personal info, Financial info and 4 others",
    "Data is encrypted in transit": null,
    "You can request that data be deleted": null,
    "Data shared": {
        "Location": {
            "Approximate location": [
                "App functionality, Personalization"
            ],
            "Precise location": [
                "App functionality, Personalization"
            ]
        },
        "Personal info": {
            "Name": [
                "App functionality, Developer communications, Advertising or marketing, Fraud prevention, security, and compliance, Personalization, Account management"
            ],
            "Email address": [
                "App functionality, Developer communications, Advertising or marketing, Fraud prevention, security, and compliance, Personalization, Account management"
            ],
            "User IDs": [
                "App functionality, Analytics, Advertising or marketing, Fraud prevention, security, and compliance, Personalization, Account management"
            ],
            "Address": [
                "App functionality, Advertising or marketing, Fraud prevention, security, and compliance, Personalization, Account management"
            ],
            "Phone number": [
                "App functionality, Developer communications, Advertising or marketing, Fraud prevention, security, and compliance, Personalization, Account management"
            ],
            "Other info": [
                "App functionality, Analytics, Developer communications, Advertising or marketing, Fraud prevention, security, and compliance, Personalization, Account management"
            ]
        },
        "Financial info": {
            "User payment info": [
                "Fraud prevention, security, and compliance"
            ],
            "Purchase history": [
                "Advertising or marketing, Personalization"
            ]
        },
        "App activity": {
            "App interactions": [
                "Analytics, Personalization"
            ],
            "In-app search history": [
                "Analytics, Personalization"
            ],
            "Other actions": [
                "Analytics, Personalization"
            ]
        },
        "Web browsing": {
            "Web browsing history": [
                "Advertising or marketing"
            ]
        },
        "App info and performance": {
            "Crash logs": [
                "Analytics"
            ],
            "Diagnostics": [
                "Analytics"
            ],
            "Other app performance data": [
                "Analytics"
            ]
        },
        "Device or other IDs": {
            "Device or other IDs": [
                "App functionality, Analytics, Advertising or marketing, Fraud prevention, security, and compliance, Personalization, Account management"
            ]
        }
    },
    "Data collected": {
        "Personal info": {
            "Name": [
                "App functionality, Developer communications, Advertising or marketing, Fraud prevention, security, and compliance, Personalization, Account management"
            ],
            "Email address": [
                "App functionality, Developer communications, Advertising or marketing, Fraud prevention, security, and compliance, Personalization, Account management"
            ],
            "User IDs": [
                "App functionality, Analytics, Advertising or marketing, Fraud prevention, security, and compliance, Personalization, Account management"
            ],
            "Address": [
                "App functionality, Advertising or marketing, Fraud prevention, security, and compliance, Personalization, Account management"
            ],
            "Phone number": [
                "App functionality, Developer communications, Advertising or marketing, Fraud prevention, security, and compliance, Personalization, Account management"
            ],
            "Other info": [
                "App functionality, Analytics, Developer communications, Advertising or marketing, Fraud prevention, security, and compliance, Personalization, Account management"
            ]
        },
        "Financial info": {
            "User payment info": [
                "Fraud prevention, security, and compliance"
            ],
            "Purchase history": [
                "Advertising or marketing, Personalization"
            ]
        },
        "App activity": {
            "App interactions": [
                "Analytics, Personalization"
            ],
            "In-app search history": [
                "Analytics, Personalization"
            ],
            "Other actions": [
                "Analytics, Personalization"
            ]
        },
        "Web browsing": {
            "Web browsing history": [
                "Advertising or marketing"
            ]
        },
        "App info and performance": {
            "Crash logs": [
                "Analytics"
            ],
            "Diagnostics": [
                "Analytics"
            ],
            "Other app performance data": [
                "Analytics"
            ]
        },
        "Device or other IDs": {
            "Device or other IDs": [
                "App functionality, Analytics, Advertising or marketing, Fraud prevention, security, and compliance, Personalization, Account management"
            ]
        }
    },
    "Security practices": {
        "Data is encrypted in transit": null,
        "You can request that data be deleted": null
    }
}